"2020-09-30T11:59:33 +0200" - miklop - INFO - Setup logging components done
